Copyright 1986-2018 Xilinx, Inc. All Rights Reserved.
---------------------------------------------------------------------------------------------------
| Tool Version : Vivado v.2018.3 (win64) Build 2405991 Thu Dec  6 23:38:27 MST 2018
| Date         : Mon Nov 11 18:06:38 2024
| Host         : DESKTOP-922FQ13 running 64-bit major release  (build 9200)
| Command      : report_control_sets -verbose -file SSD_Transmittor_Driver_control_sets_placed.rpt
| Design       : SSD_Transmittor_Driver
| Device       : xc7a100t
---------------------------------------------------------------------------------------------------

Control Set Information

Table of Contents
-----------------
1. Summary
2. Histogram
3. Flip-Flop Distribution
4. Detailed Control Set Information

1. Summary
----------

+----------------------------------------------------------+-------+
|                          Status                          | Count |
+----------------------------------------------------------+-------+
| Number of unique control sets                            |    11 |
| Unused register locations in slices containing registers |    30 |
+----------------------------------------------------------+-------+


2. Histogram
------------

+--------+--------------+
| Fanout | Control Sets |
+--------+--------------+
|      4 |            3 |
|      8 |            1 |
|     10 |            2 |
|     13 |            1 |
|     15 |            1 |
|    16+ |            3 |
+--------+--------------+


3. Flip-Flop Distribution
-------------------------

+--------------+-----------------------+------------------------+-----------------+--------------+
| Clock Enable | Synchronous Set/Reset | Asynchronous Set/Reset | Total Registers | Total Slices |
+--------------+-----------------------+------------------------+-----------------+--------------+
| No           | No                    | No                     |              13 |            9 |
| No           | No                    | Yes                    |             102 |           27 |
| No           | Yes                   | No                     |              25 |            6 |
| Yes          | No                    | No                     |               0 |            0 |
| Yes          | No                    | Yes                    |              38 |           12 |
| Yes          | Yes                   | No                     |               0 |            0 |
+--------------+-----------------------+------------------------+-----------------+--------------+


4. Detailed Control Set Information
-----------------------------------

+-----------------------------------------------------+--------------------------------------------------------------------------------+---------------------------------------------+------------------+----------------+
|                     Clock Signal                    |                                  Enable Signal                                 |               Set/Reset Signal              | Slice Load Count | Bel Load Count |
+-----------------------------------------------------+--------------------------------------------------------------------------------+---------------------------------------------+------------------+----------------+
|  clk_IBUF_BUFG                                      |                                                                                | reset_debouncer/button_debounced_reg_0      |                3 |              4 |
|  clk_IBUF_BUFG                                      | Listener_inst/uart_receiver_inst/baud_controller_r_inst/sample_ENABLE_reg_0[0] | Listener_inst/reset_debouncer/AR[0]         |                1 |              4 |
|  Listener_inst/FourDigitLEDdriver_inst/new_clk_BUFG |                                                                                | Listener_inst/reset_debouncer/AR[0]         |                1 |              4 |
|  clk_IBUF_BUFG                                      | Listener_inst/uart_receiver_inst/baud_controller_r_inst/E[0]                   | Listener_inst/reset_debouncer/AR[0]         |                3 |              8 |
|  clk_IBUF_BUFG                                      |                                                                                | write_debouncer/SR[0]                       |                2 |             10 |
|  clk_IBUF_BUFG                                      | sender_inst/uart_transmitter_inst/baud_controller_t_inst/sample_ENABLE         | sender_inst/reset_debouncer/reset_debounced |                3 |             10 |
|  clk_IBUF_BUFG                                      |                                                                                |                                             |                9 |             13 |
|  clk_IBUF_BUFG                                      |                                                                                | Listener_inst/reset_debouncer/SR[0]         |                4 |             15 |
|  clk_IBUF_BUFG                                      | Listener_inst/Hold_to_step_inst/E[0]                                           | Listener_inst/reset_debouncer/AR[0]         |                5 |             16 |
|  clk_IBUF_BUFG                                      |                                                                                | sender_inst/reset_debouncer/reset_debounced |               11 |             38 |
|  clk_IBUF_BUFG                                      |                                                                                | Listener_inst/reset_debouncer/AR[0]         |               12 |             56 |
+-----------------------------------------------------+--------------------------------------------------------------------------------+---------------------------------------------+------------------+----------------+


